// Jest Snapshot v1, https://goo.gl/fbAQLP

exports[`should render without error 1`] = `
<body>
  <div>
    <main
      class="svelte-1q6pbdh"
    >
      <p>
        Hello there ~ ðŸ™Œ Welcome to WeCount.
      </p>
       
      <button
        class="svelte-1d9umt2 medium"
        style=""
      >
        Login
        
      </button>
       
      <button
        class="svelte-1d9umt2 medium"
        style=""
      >
        Toggle Theme
      </button>
    </main>
  </div>
</body>
`;
